
RAxML-NG v. 1.2.2 released on 11.04.2024 by The Exelixis Lab.
Developed by: Alexey M. Kozlov and Alexandros Stamatakis.
Contributors: Diego Darriba, Tomas Flouri, Benoit Morel, Sarah Lutteropp, Ben Bettisworth, Julia Haag, Anastasis Togkousidis.
Latest version: https://github.com/amkozlov/raxml-ng
Questions/problems/suggestions? Please visit: https://groups.google.com/forum/#!forum/raxml

System: 13th Gen Intel(R) Core(TM) i7-1360P, 8 cores, 7 GB RAM

RAxML-NG was called at 09-Apr-2026 13:48:18 as follows:

raxml-ng --all --msa metazoa_alignment.5k.fasta --model GTR+G --bs-trees 100 --threads auto --prefix tree_results/metazoa_5k

Analysis options:
  run mode: ML tree search + bootstrapping (Felsenstein Bootstrap)
  start tree(s): random (10) + parsimony (10)
  bootstrap replicates: parsimony (100)
  random seed: 1775756898
  tip-inner: OFF
  pattern compression: ON
  per-rate scalers: OFF
  site repeats: ON
  logLH epsilon: general: 10.000000, brlen-triplet: 1000.000000
  fast spr radius: AUTO
  spr subtree cutoff: 1.000000
  fast CLV updates: ON
  branch lengths: proportional (ML estimate, algorithm: NR-FAST)
  SIMD kernels: AVX2
  parallelization: coarse-grained (auto), PTHREADS (auto)

[00:00:00] Reading alignment from file: metazoa_alignment.5k.fasta
[00:00:00] Loaded alignment with 22 taxa and 5000 sites

Alignment comprises 1 partitions and 4496 patterns

Partition 0: noname
Model: GTR+FO+G4m
Alignment sites / patterns: 5000 / 4496
Gaps: 33.05 %
Invariant sites: 11.02 %


NOTE: Binary MSA file created: tree_results/metazoa_5k.raxml.rba

Parallelization scheme autoconfig: 2 worker(s) x 4 thread(s)

[00:00:00] Generating 10 random starting tree(s) with 22 taxa
[00:00:00] Generating 10 parsimony starting tree(s) with 22 taxa
Parallel parsimony with 8 threads
Parallel reduction/worker buffer size: 1 KB  / 0 KB

[00:00:00] Data distribution: max. partitions/sites/weight per thread: 1 / 1124 / 17984
[00:00:00] Data distribution: max. searches per worker: 60

Starting ML tree search with 20 distinct starting trees

[00:00:03] [worker #1] ML tree search #2, logLikelihood: -74721.314673
[00:00:04] [worker #0] ML tree search #1, logLikelihood: -74721.284003
[00:00:08] [worker #1] ML tree search #4, logLikelihood: -74721.231458
[00:00:09] [worker #0] ML tree search #3, logLikelihood: -74722.132362
[00:00:13] [worker #1] ML tree search #6, logLikelihood: -74721.323446
[00:00:14] [worker #0] ML tree search #5, logLikelihood: -74721.310970
[00:00:18] [worker #1] ML tree search #8, logLikelihood: -74721.241507
[00:00:20] [worker #0] ML tree search #7, logLikelihood: -74721.343178
[00:00:25] [worker #1] ML tree search #10, logLikelihood: -74721.253733
[00:00:26] [worker #0] ML tree search #9, logLikelihood: -74721.280505
[00:00:29] [worker #1] ML tree search #12, logLikelihood: -74721.273351
[00:00:32] [worker #0] ML tree search #11, logLikelihood: -74721.281411
[00:00:35] [worker #1] ML tree search #14, logLikelihood: -74721.195244
[00:00:39] [worker #0] ML tree search #13, logLikelihood: -74721.189588
[00:00:41] [worker #1] ML tree search #16, logLikelihood: -74721.190974
[00:00:44] [worker #0] ML tree search #15, logLikelihood: -74721.187944
[00:00:46] [worker #1] ML tree search #18, logLikelihood: -74721.272598
[00:00:49] [worker #0] ML tree search #17, logLikelihood: -74721.209566
[00:00:50] [worker #1] ML tree search #20, logLikelihood: -74721.196936
[00:00:54] [worker #0] ML tree search #19, logLikelihood: -74721.198453

[00:00:54] ML tree search completed, best tree logLH: -74721.187944

[00:00:54] Starting bootstrapping analysis with 100 replicates.

[00:00:57] [worker #1] Bootstrap tree #2, logLikelihood: -75032.716987
[00:00:57] [worker #0] Bootstrap tree #1, logLikelihood: -74459.802442
[00:01:00] [worker #1] Bootstrap tree #4, logLikelihood: -74308.902651
[00:01:01] [worker #0] Bootstrap tree #3, logLikelihood: -74698.132196
[00:01:03] [worker #1] Bootstrap tree #6, logLikelihood: -74991.739274
[00:01:05] [worker #0] Bootstrap tree #5, logLikelihood: -75666.873684
[00:01:06] [worker #1] Bootstrap tree #8, logLikelihood: -75049.487624
[00:01:08] [worker #0] Bootstrap tree #7, logLikelihood: -74705.216751
[00:01:10] [worker #1] Bootstrap tree #10, logLikelihood: -74784.237188
[00:01:12] [worker #0] Bootstrap tree #9, logLikelihood: -73478.059640
[00:01:15] [worker #1] Bootstrap tree #12, logLikelihood: -74829.469598
[00:01:15] [worker #0] Bootstrap tree #11, logLikelihood: -75033.594554
[00:01:18] [worker #1] Bootstrap tree #14, logLikelihood: -75346.188762
[00:01:19] [worker #0] Bootstrap tree #13, logLikelihood: -74128.140458
[00:01:22] [worker #1] Bootstrap tree #16, logLikelihood: -75012.648230
[00:01:23] [worker #0] Bootstrap tree #15, logLikelihood: -75728.728526
[00:01:25] [worker #1] Bootstrap tree #18, logLikelihood: -74597.050745
[00:01:27] [worker #0] Bootstrap tree #17, logLikelihood: -74631.344114
[00:01:28] [worker #1] Bootstrap tree #20, logLikelihood: -74077.593531
[00:01:30] [worker #0] Bootstrap tree #19, logLikelihood: -74912.895908
[00:01:30] [worker #1] Bootstrap tree #22, logLikelihood: -74598.688273
[00:01:33] [worker #1] Bootstrap tree #24, logLikelihood: -73799.225974
[00:01:33] [worker #0] Bootstrap tree #21, logLikelihood: -75136.770945
[00:01:36] [worker #1] Bootstrap tree #26, logLikelihood: -74580.865205
[00:01:36] [worker #0] Bootstrap tree #23, logLikelihood: -74612.034137
[00:01:39] [worker #1] Bootstrap tree #28, logLikelihood: -74847.685343
[00:01:40] [worker #0] Bootstrap tree #25, logLikelihood: -74823.201708
[00:01:43] [worker #1] Bootstrap tree #30, logLikelihood: -74241.848291
[00:01:45] [worker #0] Bootstrap tree #27, logLikelihood: -74892.895304
[00:01:46] [worker #1] Bootstrap tree #32, logLikelihood: -74160.655183
[00:01:49] [worker #1] Bootstrap tree #34, logLikelihood: -74120.218553
[00:01:50] [worker #0] Bootstrap tree #29, logLikelihood: -75238.728433
[00:01:52] [worker #1] Bootstrap tree #36, logLikelihood: -74217.692713
[00:01:53] [worker #0] Bootstrap tree #31, logLikelihood: -74345.060727
[00:01:55] [worker #1] Bootstrap tree #38, logLikelihood: -73766.833274
[00:01:57] [worker #0] Bootstrap tree #33, logLikelihood: -73726.219101
[00:01:59] [worker #1] Bootstrap tree #40, logLikelihood: -75049.143709
[00:02:01] [worker #0] Bootstrap tree #35, logLikelihood: -75064.996566
[00:02:03] [worker #1] Bootstrap tree #42, logLikelihood: -75233.464910
[00:02:04] [worker #0] Bootstrap tree #37, logLikelihood: -74331.118329
[00:02:06] [worker #1] Bootstrap tree #44, logLikelihood: -74215.382305
[00:02:08] [worker #0] Bootstrap tree #39, logLikelihood: -75007.177566
[00:02:11] [worker #1] Bootstrap tree #46, logLikelihood: -74858.754236
[00:02:12] [worker #0] Bootstrap tree #41, logLikelihood: -74723.893479
[00:02:15] [worker #1] Bootstrap tree #48, logLikelihood: -75364.463988
[00:02:16] [worker #0] Bootstrap tree #43, logLikelihood: -74590.077148
[00:02:20] [worker #1] Bootstrap tree #50, logLikelihood: -74406.326282
[00:02:21] [worker #0] Bootstrap tree #45, logLikelihood: -74698.397760
[00:02:24] [worker #0] Bootstrap tree #47, logLikelihood: -75286.988243
[00:02:27] [worker #0] Bootstrap tree #49, logLikelihood: -74897.827173
[00:02:30] [worker #1] Bootstrap tree #52, logLikelihood: -75055.784854
[00:02:31] [worker #0] Bootstrap tree #51, logLikelihood: -74968.863855
[00:02:35] [worker #1] Bootstrap tree #54, logLikelihood: -74145.969322
[00:02:35] [worker #0] Bootstrap tree #53, logLikelihood: -74190.542969
[00:02:39] [worker #1] Bootstrap tree #56, logLikelihood: -74637.570633
[00:02:40] [worker #0] Bootstrap tree #55, logLikelihood: -74736.628627
[00:02:42] [worker #1] Bootstrap tree #58, logLikelihood: -75107.067262
[00:02:45] [worker #0] Bootstrap tree #57, logLikelihood: -74469.125370
[00:02:46] [worker #1] Bootstrap tree #60, logLikelihood: -75040.335410
[00:02:48] [worker #0] Bootstrap tree #59, logLikelihood: -75620.377828
[00:02:50] [worker #1] Bootstrap tree #62, logLikelihood: -74227.958208
[00:02:52] [worker #0] Bootstrap tree #61, logLikelihood: -74873.301940
[00:02:54] [worker #1] Bootstrap tree #64, logLikelihood: -75002.043872
[00:02:56] [worker #0] Bootstrap tree #63, logLikelihood: -74664.653895
[00:02:57] [worker #1] Bootstrap tree #66, logLikelihood: -74301.908369
[00:03:00] [worker #0] Bootstrap tree #65, logLikelihood: -75011.872493
[00:03:00] [worker #0] Bootstrap tree #65, logLikelihood: -75011.872493
[00:03:00] [worker #1] Bootstrap tree #68, logLikelihood: -73263.686153
[00:03:03] [worker #1] Bootstrap tree #70, logLikelihood: -74683.601482
[00:03:04] [worker #0] Bootstrap tree #67, logLikelihood: -74449.757958
[00:03:07] [worker #1] Bootstrap tree #72, logLikelihood: -74348.240564
[00:03:07] [worker #0] Bootstrap tree #69, logLikelihood: -75517.477756
[00:03:10] [worker #1] Bootstrap tree #74, logLikelihood: -74767.109146
[00:03:12] [worker #0] Bootstrap tree #71, logLikelihood: -75283.442706
[00:03:13] [worker #1] Bootstrap tree #76, logLikelihood: -74758.923455
[00:03:15] [worker #0] Bootstrap tree #73, logLikelihood: -74264.997396
[00:03:17] [worker #1] Bootstrap tree #78, logLikelihood: -74954.385293
[00:03:20] [worker #0] Bootstrap tree #75, logLikelihood: -74513.677098
[00:03:22] [worker #1] Bootstrap tree #80, logLikelihood: -75608.557802
[00:03:25] [worker #1] Bootstrap tree #82, logLikelihood: -74353.736317
[00:03:25] [worker #0] Bootstrap tree #77, logLikelihood: -74570.515418
[00:03:28] [worker #1] Bootstrap tree #84, logLikelihood: -74796.578810
[00:03:30] [worker #0] Bootstrap tree #79, logLikelihood: -74666.527605
[00:03:33] [worker #1] Bootstrap tree #86, logLikelihood: -74390.908935
[00:03:34] [worker #0] Bootstrap tree #81, logLikelihood: -74540.006122
[00:03:37] [worker #1] Bootstrap tree #88, logLikelihood: -75182.384986
[00:03:39] [worker #0] Bootstrap tree #83, logLikelihood: -74603.331929
[00:03:40] [worker #1] Bootstrap tree #90, logLikelihood: -74700.012582
[00:03:43] [worker #0] Bootstrap tree #85, logLikelihood: -75422.808793
[00:03:44] [worker #1] Bootstrap tree #92, logLikelihood: -74873.934007
[00:03:46] [worker #0] Bootstrap tree #87, logLikelihood: -74871.959355
[00:03:47] [worker #1] Bootstrap tree #94, logLikelihood: -75169.585058
[00:03:50] [worker #0] Bootstrap tree #89, logLikelihood: -74797.720222
[00:03:50] [worker #1] Bootstrap tree #96, logLikelihood: -75044.662850
[00:03:53] [worker #1] Bootstrap tree #98, logLikelihood: -74492.114072
[00:03:55] [worker #0] Bootstrap tree #91, logLikelihood: -74917.219888
[00:03:57] [worker #1] Bootstrap tree #100, logLikelihood: -75135.849619
[00:03:58] [worker #0] Bootstrap tree #93, logLikelihood: -74694.709394
[00:04:01] [worker #0] Bootstrap tree #95, logLikelihood: -76496.093594
[00:04:05] [worker #0] Bootstrap tree #97, logLikelihood: -75031.761038
[00:04:08] [worker #0] Bootstrap tree #99, logLikelihood: -74680.400147

Optimized model parameters:

   Partition 0: noname
   Rate heterogeneity: GAMMA (4 cats, mean),  alpha: 0.690728 (ML),  weights&rates: (0.250000,0.072209) (0.250000,0.359122) (0.250000,0.921383) (0.250000,2.647285) 
   Base frequencies (ML): 0.275329 0.245739 0.265818 0.213114 
   Substitution rates (ML): 2.151902 2.975626 1.163301 1.482034 4.025274 1.000000 


Final LogLikelihood: -74721.187944

AIC score: 149542.375888 / AICc score: 149543.406399 / BIC score: 149868.235548
Free parameters (model + branch lengths): 50

Best ML tree saved to: /mnt/c/Users/alfar/Documents/GitHub/Bioinformatics/Midterm 2/tree_results/metazoa_5k.raxml.bestTree
All ML trees saved to: /mnt/c/Users/alfar/Documents/GitHub/Bioinformatics/Midterm 2/tree_results/metazoa_5k.raxml.mlTrees
Best ML tree with Felsenstein bootstrap (FBP) support values saved to: /mnt/c/Users/alfar/Documents/GitHub/Bioinformatics/Midterm 2/tree_results/metazoa_5k.raxml.support
Optimized model saved to: /mnt/c/Users/alfar/Documents/GitHub/Bioinformatics/Midterm 2/tree_results/metazoa_5k.raxml.bestModel
Bootstrap trees saved to: /mnt/c/Users/alfar/Documents/GitHub/Bioinformatics/Midterm 2/tree_results/metazoa_5k.raxml.bootstraps

Execution log saved to: /mnt/c/Users/alfar/Documents/GitHub/Bioinformatics/Midterm 2/tree_results/metazoa_5k.raxml.log

Analysis started: 09-Apr-2026 13:48:18 / finished: 09-Apr-2026 13:52:27

Elapsed time: 249.051 seconds

